// Jest Snapshot v1, https://goo.gl/fbAQLP

exports[`renders team details according to id param 1`] = `
<div>
  <h1>
    Team List
  </h1>
  <ul>
    <li>
      <a
        href="/teams/10"
      >
        <p>
          Acme USA
        </p>
      </a>
    </li>
    <li>
      <a
        href="/teams/1"
      >
        <p>
          Bridge City Sneakers
        </p>
      </a>
    </li>
    <li>
      <a
        href="/teams/3"
      >
        <p>
          Lakeville Thunderfeet
        </p>
      </a>
    </li>
    <li>
      <a
        href="/teams/4"
      >
        <p>
          Mt. Hoodies
        </p>
      </a>
    </li>
    <li>
      <a
        href="/teams/2"
      >
        <p>
          Stumptown Lumberjacks
        </p>
      </a>
    </li>
    <li>
      <a
        href="/teams/5"
      >
        <p>
          Vancougers
        </p>
      </a>
    </li>
  </ul>
</div>
`;
